// Jest Snapshot v1, https://goo.gl/fbAQLP

exports[`getPublicKeyFromJwk gets the public key from the link 1`] = `
"-----BEGIN PUBLIC KEY-----
MIIBIjANBgkqhkiG9w0BAQEFAAOCAQ8AMIIBCgKCAQEAqt6yOiI/wCoCVlGO0MyS
sez0VkSqhPvDl3rfabOslx35mYEO+n4ABfIT5Gn2zN+CeIcOZ5ugAXvIIRWv5H55
+tzjFazi5IKkOIMCiz5//MtsdxKCqGlZu2zt+BLpqTOAPiflNPpM3RUAlxKAhnYE
qNha6+allPnFQupnW/eTYoyuzuedT7dSp90ry0ZcQDimntXWeaSbrYKCj9Rr9W1j
n2uTowUuXaScKXTCjAmJVnsD75JNzQfa8DweklTyWQF+Y5Ky039I0VIu+0CIGhXY
48GAFe2EFb8VpNhf07DP63p138RWQ1d3KPEM9mYJVpQC68j3wzDQYSljpLf9by7T
GwIDAQAB
-----END PUBLIC KEY-----
"
`;
